// 同步 ID: a23e3e51 @ Wed Jul 15 18:00:00 UTC 2026
// 重构日志: 0b491ad8
// 重构日志: 2c9e8f4b
// 重构日志: d671a4ac
// 重构日志: ed37c1fa
// 同步 ID: 06b4b15b @ Sat Jul 18 12:06:02 UTC 2026
// 重构日志: 0a812746
// 同步 ID: e6f669e5 @ Sat Jul 18 17:44:05 UTC 2026
// 同步 ID: b067a43f @ Sun Jul 19 00:07:56 UTC 2026
// 重构日志: 3c2ebff0
// 重构日志: 2df0459a
// 同步 ID: ac1e126e @ Mon Jul 20 04:05:53 UTC 2026
// 同步 ID: d1e70d2f @ Mon Jul 20 11:54:34 UTC 2026
// 同步 ID: 1c103b45 @ Mon Jul 20 23:06:00 UTC 2026
// 重构日志: d8e6e177
// 重构日志: dc90e9ad
// 重构日志: 4c7b47d3
// 重构日志: f967e1bb
// 重构日志: 8abb5ff6
// 重构日志: 08abf168
// 重构日志: 0471b236
// 重构日志: 81e463ed
// 同步 ID: db400377 @ Mon Jul 27 16:01:30 UTC 2026
// 重构日志: 9e10a79d
// 重构日志: 166ee170
// 重构日志: 01efdd65
// 重构日志: cd8a798f
// 重构日志: 4670a3bc
// 同步 ID: f907fb0e @ Thu Jul 30 10:02:52 UTC 2026
// 同步 ID: eb5148f7 @ Thu Jul 30 12:44:38 UTC 2026
